// Jest Snapshot v1, https://goo.gl/fbAQLP

exports[`Home Home renders correctly 1`] = `
Object {
  "asFragment": [Function],
  "baseElement": <body>
    <div>
      <div
        class="home col-md col"
      >
        <h1
          class="bold-font homepage-heading"
        >
          MOVIES TO WATCH
        </h1>
        <p
          class="gray-font"
        >
          Please select a Movie to reserve
        </p>
        <hr
          class="dash home-dash"
        />
        <div
          class="carousel-container col-12"
        >
          <div>
            <div>
              <div>
                Service 1
                https://res.cloudinary.com/dx0nauane/image/upload/v1624349663/Service%20Card%20Images/Service_1_1_xqjz3c.jpg
                Lorem ipsum dolor sit amet, consectetur adipiscing elit. Nulla euismod, sapien vitae aliquam dapibus, magna quam ultricies nunc, nec tincidunt nisl nunc vitae elit. 
                100
                1
              </div>
            </div>
          </div>
        </div>
      </div>
    </div>
  </body>,
  "container": <div>
    <div
      class="home col-md col"
    >
      <h1
        class="bold-font homepage-heading"
      >
        MOVIES TO WATCH
      </h1>
      <p
        class="gray-font"
      >
        Please select a Movie to reserve
      </p>
      <hr
        class="dash home-dash"
      />
      <div
        class="carousel-container col-12"
      >
        <div>
          <div>
            <div>
              Service 1
              https://res.cloudinary.com/dx0nauane/image/upload/v1624349663/Service%20Card%20Images/Service_1_1_xqjz3c.jpg
              Lorem ipsum dolor sit amet, consectetur adipiscing elit. Nulla euismod, sapien vitae aliquam dapibus, magna quam ultricies nunc, nec tincidunt nisl nunc vitae elit. 
              100
              1
            </div>
          </div>
        </div>
      </div>
    </div>
  </div>,
  "debug": [Function],
  "findAllByAltText": [Function],
  "findAllByDisplayValue": [Function],
  "findAllByLabelText": [Function],
  "findAllByPlaceholderText": [Function],
  "findAllByRole": [Function],
  "findAllByTestId": [Function],
  "findAllByText": [Function],
  "findAllByTitle": [Function],
  "findByAltText": [Function],
  "findByDisplayValue": [Function],
  "findByLabelText": [Function],
  "findByPlaceholderText": [Function],
  "findByRole": [Function],
  "findByTestId": [Function],
  "findByText": [Function],
  "findByTitle": [Function],
  "getAllByAltText": [Function],
  "getAllByDisplayValue": [Function],
  "getAllByLabelText": [Function],
  "getAllByPlaceholderText": [Function],
  "getAllByRole": [Function],
  "getAllByTestId": [Function],
  "getAllByText": [Function],
  "getAllByTitle": [Function],
  "getByAltText": [Function],
  "getByDisplayValue": [Function],
  "getByLabelText": [Function],
  "getByPlaceholderText": [Function],
  "getByRole": [Function],
  "getByTestId": [Function],
  "getByText": [Function],
  "getByTitle": [Function],
  "queryAllByAltText": [Function],
  "queryAllByDisplayValue": [Function],
  "queryAllByLabelText": [Function],
  "queryAllByPlaceholderText": [Function],
  "queryAllByRole": [Function],
  "queryAllByTestId": [Function],
  "queryAllByText": [Function],
  "queryAllByTitle": [Function],
  "queryByAltText": [Function],
  "queryByDisplayValue": [Function],
  "queryByLabelText": [Function],
  "queryByPlaceholderText": [Function],
  "queryByRole": [Function],
  "queryByTestId": [Function],
  "queryByText": [Function],
  "queryByTitle": [Function],
  "rerender": [Function],
  "unmount": [Function],
}
`;
